2025-10-20 15:28:53,759 - utils.logger - INFO - Logging initialized. Log file: C:\Users\zmcmillan\projects\LabelTracker\logs\app_20251020_152853.log
2025-10-20 15:28:53,759 - utils.logger - INFO - Starting Label Tracker Application...
2025-10-20 15:28:53,787 - utils.logger - INFO - Database manager initialized
2025-10-20 15:28:53,787 - utils.logger - INFO - XLSX manager initialized
2025-10-20 15:28:53,796 - GUI.admin_window - INFO - Admin window initialized for user: None
2025-10-20 15:28:54,134 - GUI.admin_window - INFO - Company tree refreshed
2025-10-20 15:28:54,136 - GUI.admin_window - INFO - Dropdowns refreshed
2025-10-20 15:28:54,143 - GUI.admin_window - INFO - Loaded 4 users
2025-10-20 15:28:54,194 - GUI.admin_window - INFO - Initial data loaded successfully
2025-10-20 15:28:54,194 - GUI.standard_user_window - INFO - User window initialized for: None
2025-10-20 15:28:54,251 - GUI.app - INFO - AppController initialized with fade transitions
2025-10-20 15:28:54,251 - utils.logger - INFO - Application controller started
2025-10-20 15:28:59,052 - GUI.app - INFO - User admin (ID: 1) logged in as admin
2025-10-20 15:28:59,052 - GUI.app - INFO - Starting transition from LoginWindow to AdminWindow
2025-10-20 15:28:59,357 - GUI.app - INFO - Fade out complete, switching widget
2025-10-20 15:28:59,661 - GUI.app - INFO - Fade in complete, transition finished
2025-10-20 15:29:03,281 - GUI.app - INFO - User logged out — returning to login view
2025-10-20 15:29:03,282 - GUI.app - INFO - Starting transition from AdminWindow to LoginWindow
2025-10-20 15:29:03,587 - GUI.app - INFO - Fade out complete, switching widget
2025-10-20 15:29:03,890 - GUI.app - INFO - Fade in complete, transition finished
2025-10-20 15:29:13,490 - GUI.app - INFO - User test (ID: 2) logged in as user
2025-10-20 15:29:13,490 - GUI.app - INFO - Starting transition from LoginWindow to UserWindow
2025-10-20 15:29:13,795 - GUI.app - INFO - Fade out complete, switching widget
2025-10-20 15:29:14,099 - GUI.app - INFO - Fade in complete, transition finished
